<area shape="rect" id="node3" href="$bdlib_8h.html" title="bdlib.h" alt="" coords="780,80,841,107">
<area shape="rect" id="node5" href="$Array_8h.html" title="Array.h" alt="" coords="177,379,244,405">
<area shape="rect" id="node11" href="$ReferenceCountedArray_8h.html" title="ReferenceCountedArray.h" alt="" coords="312,229,488,256">
<area shape="rect" id="node14" href="$String_8h.html" title="String.h" alt="" coords="107,304,173,331">
<area shape="rect" id="node19" href="$Stream_8h.html" title="Stream.h" alt="" coords="403,379,477,405">
<area shape="rect" id="node26" href="$hash_8h.html" title="hash.h" alt="" coords="563,155,624,181">
<area shape="rect" id="node29" href="$HashTable_8h.html" title="HashTable.h" alt="" coords="699,304,795,331">
<area shape="rect" id="node34" href="$base64_8h.html" title="base64.h" alt="" coords="5,304,83,331">
<area shape="rect" id="node38" href="$BinaryTree_8h.html" title="BinaryTree.h" alt="" coords="613,229,712,256">
<area shape="rect" id="node42" href="$Iterator_8h.html" title="Iterator.h" alt="" coords="699,155,773,181">
<area shape="rect" id="node46" href="$List_8h.html" title="List.h" alt="" coords="837,229,891,256">
<area shape="rect" id="node51" href="$Queue_8h.html" title="Queue.h" alt="" coords="909,304,981,331">
<area shape="rect" id="node55" href="$SortedList_8h.html" title="SortedList.h" alt="" coords="1005,304,1099,331">
<area shape="rect" id="node59" href="$Stack_8h.html" title="Stack.h" alt="" coords="1123,304,1189,331">
<area shape="rect" id="node63" href="$Crypto_8h.html" title="Crypto.h" alt="" coords="1068,155,1140,181">
<area shape="rect" id="node67" href="$Cstrings_8h.html" title="Cstrings.h" alt="" coords="1168,155,1251,181">
<area shape="rect" id="node74" href="$Socket_8h.html" title="Socket.h" alt="" coords="1283,155,1357,181">
<area shape="rect" id="node81" href="$Thread_8h.html" title="Thread.h" alt="" coords="1396,155,1473,181">
<area shape="rect" id="node7" href="$Array_8cpp.html" title="Array.cpp" alt="" coords="188,453,268,480">
<area shape="rect" id="node9" href="$String_8cpp.html" title="String.cpp" alt="" coords="81,453,164,480">
<area shape="rect" id="node24" href="$ReferenceCountedArray_8cpp.html" title="ReferenceCountedArray.cpp" alt="" coords="248,304,437,331">
<area shape="rect" id="node17" href="$base64_8c.html" title="base64.c" alt="" coords="28,379,103,405">
<area shape="rect" id="node21" href="$Stream_8cpp.html" title="Stream.cpp" alt="" coords="395,453,485,480">
<area shape="rect" id="node31" href="$HashTable_8cpp.html" title="HashTable.cpp" alt="" coords="691,379,803,405">
<area shape="rect" id="node40" href="$BinaryTree_8cpp.html" title="BinaryTree.cpp" alt="" coords="563,304,675,331">
<area shape="rect" id="node49" href="$List_8cpp.html" title="List.cpp" alt="" coords="819,304,885,331">
<area shape="rect" id="node53" href="$Queue_8cpp.html" title="Queue.cpp" alt="" coords="887,379,975,405">
<area shape="rect" id="node57" href="$SortedList_8cpp.html" title="SortedList.cpp" alt="" coords="999,379,1105,405">
<area shape="rect" id="node61" href="$Stack_8cpp.html" title="Stack.cpp" alt="" coords="1129,379,1209,405">
<area shape="rect" id="node65" href="$Crypto_8cpp.html" title="Crypto.cpp" alt="" coords="1067,229,1152,256">
<area shape="rect" id="node69" href="$Cstrings_8c.html" title="Cstrings.c" alt="" coords="1176,229,1256,256">
<area shape="rect" id="node76" href="$Socket_8cpp.html" title="Socket.cpp" alt="" coords="1280,229,1368,256">
<area shape="rect" id="node83" href="$Thread_8cpp.html" title="Thread.cpp" alt="" coords="1392,229,1483,256">
