<area shape="rect" id="node3" href="$ReferenceCountedArray_8h.html" title="ReferenceCountedArray.h" alt="" coords="104,80,280,107">
<area shape="rect" id="node23" href="$HashTable_8h.html" title="HashTable.h" alt="" coords="387,80,483,107">
<area shape="rect" id="node5" href="$Array_8h.html" title="Array.h" alt="" coords="47,229,113,256">
<area shape="rect" id="node11" href="$String_8h.html" title="String.h" alt="" coords="117,155,184,181">
<area shape="rect" id="node21" href="$ReferenceCountedArray_8cpp.html" title="ReferenceCountedArray.cpp" alt="" coords="208,155,397,181">
<area shape="rect" id="node7" href="$Array_8cpp.html" title="Array.cpp" alt="" coords="5,304,85,331">
<area shape="rect" id="node9" href="$String_8cpp.html" title="String.cpp" alt="" coords="109,304,192,331">
<area shape="rect" id="node14" href="$base64_8c.html" title="base64.c" alt="" coords="188,229,263,256">
<area shape="rect" id="node16" href="$Stream_8h.html" title="Stream.h" alt="" coords="287,229,361,256">
<area shape="rect" id="node18" href="$Stream_8cpp.html" title="Stream.cpp" alt="" coords="279,304,369,331">
<area shape="rect" id="node25" href="$HashTable_8cpp.html" title="HashTable.cpp" alt="" coords="421,155,533,181">
