<area shape="rect" id="node3" href="$BinaryTree_8h.html" title="BinaryTree.h" alt="" coords="33,80,132,107">
<area shape="rect" id="node7" href="$HashTable_8h.html" title="HashTable.h" alt="" coords="141,155,237,181">
<area shape="rect" id="node11" href="$List_8h.html" title="List.h" alt="" coords="315,80,368,107">
<area shape="rect" id="node5" href="$BinaryTree_8cpp.html" title="BinaryTree.cpp" alt="" coords="5,155,117,181">
<area shape="rect" id="node9" href="$HashTable_8cpp.html" title="HashTable.cpp" alt="" coords="133,229,245,256">
<area shape="rect" id="node14" href="$List_8cpp.html" title="List.cpp" alt="" coords="261,155,328,181">
<area shape="rect" id="node16" href="$Queue_8h.html" title="Queue.h" alt="" coords="352,155,424,181">
<area shape="rect" id="node20" href="$SortedList_8h.html" title="SortedList.h" alt="" coords="448,155,541,181">
<area shape="rect" id="node24" href="$Stack_8h.html" title="Stack.h" alt="" coords="572,155,639,181">
<area shape="rect" id="node18" href="$Queue_8cpp.html" title="Queue.cpp" alt="" coords="329,229,417,256">
<area shape="rect" id="node22" href="$SortedList_8cpp.html" title="SortedList.cpp" alt="" coords="441,229,548,256">
<area shape="rect" id="node26" href="$Stack_8cpp.html" title="Stack.cpp" alt="" coords="572,229,652,256">
