<area shape="rect" id="node3" href="$HashTable_8h.html" title="HashTable.h" alt="" coords="207,83,295,111">
<area shape="rect" id="node21" href="$List_8cpp.html" title="List.cpp" alt="" coords="319,83,383,111">
<area shape="rect" id="node23" href="$Queue_8h.html" title="Queue.h" alt="" coords="407,83,473,111">
<area shape="rect" id="node27" href="$SortedList_8h.html" title="SortedList.h" alt="" coords="497,83,583,111">
<area shape="rect" id="node31" href="$Stack_8h.html" title="Stack.h" alt="" coords="612,83,673,111">
<area shape="rect" id="node5" href="$String_8h.html" title="String.h" alt="" coords="144,161,208,189">
<area shape="rect" id="node19" href="$HashTable_8cpp.html" title="HashTable.cpp" alt="" coords="232,161,333,189">
<area shape="rect" id="node7" href="$Array_8h.html" title="Array.h" alt="" coords="12,238,73,266">
<area shape="rect" id="node11" href="$base64_8c.html" title="base64.c" alt="" coords="97,238,164,266">
<area shape="rect" id="node13" href="$Stream_8h.html" title="Stream.h" alt="" coords="188,238,257,266">
<area shape="rect" id="node17" href="$String_8cpp.html" title="String.cpp" alt="" coords="281,238,356,266">
<area shape="rect" id="node9" href="$Array_8cpp.html" title="Array.cpp" alt="" coords="5,315,80,343">
<area shape="rect" id="node15" href="$Stream_8cpp.html" title="Stream.cpp" alt="" coords="183,315,263,343">
<area shape="rect" id="node25" href="$Queue_8cpp.html" title="Queue.cpp" alt="" coords="389,161,467,189">
<area shape="rect" id="node29" href="$SortedList_8cpp.html" title="SortedList.cpp" alt="" coords="491,161,589,189">
<area shape="rect" id="node33" href="$Stack_8cpp.html" title="Stack.cpp" alt="" coords="613,161,685,189">
